// Jest Snapshot v1, https://goo.gl/fbAQLP

exports[`<Empty /> should render correctly 1`] = `
.c4 {
  display: -webkit-inline-box;
  display: -webkit-inline-flex;
  display: -ms-inline-flexbox;
  display: inline-flex;
  -webkit-align-items: center;
  -webkit-box-align: center;
  -ms-flex-align: center;
  align-items: center;
  -webkit-box-pack: center;
  -webkit-justify-content: center;
  -ms-flex-pack: center;
  justify-content: center;
  background: #FEAE11;
  color: #FFFFFF;
  border: 0;
  cursor: pointer;
  border-radius: 0.3rem;
  padding: 0.8rem;
  font-family: Poppins,-apple-system,BlinkMacSystemFont,'Segoe UI',Roboto,Oxygen,Ubuntu,Cantarell,'Open Sans','Helvetica Neue',sans-serif;
  font-weight: 400;
  -webkit-text-decoration: none;
  text-decoration: none;
  height: 4rem;
  font-size: 1.4rem;
  padding: 0.8rem 3.2rem;
}

.c4:hover {
  background: #db9101;
}

.c0 {
  display: -webkit-box;
  display: -webkit-flex;
  display: -ms-flexbox;
  display: flex;
  -webkit-flex-direction: column;
  -ms-flex-direction: column;
  flex-direction: column;
  -webkit-align-items: center;
  -webkit-box-align: center;
  -ms-flex-align: center;
  align-items: center;
  text-align: center;
}

.c1 {
  max-width: 100%;
}

.c2 {
  color: #FEAE11;
  font-size: 2.8rem;
}

.c3 {
  color: #FFFFFF;
  font-size: 1.8rem;
  font-weight: 300;
  margin-bottom: 3.2rem;
}

<body>
  <div>
    <main
      class="c0"
    >
      <img
        alt="Um gamer no sofá jogando videogame"
        class="c1"
        role="image"
        src="/img/empty.svg"
      />
      <h2
        class="c2"
      >
        A simple title
      </h2>
      <p
        class="c3"
      >
        A simple description
      </p>
      <a
        class="c4"
        href="/"
      >
        <span>
          Voltar a Página Inicial
        </span>
      </a>
    </main>
  </div>
</body>
`;
